------------------------------------------------------------
TimeQuest Timing Analyzer Summary
------------------------------------------------------------

Type  : Slow 1200mV 85C Model Setup 'Vsync'
Slack : -2.462
TNS   : -7.382

Type  : Slow 1200mV 85C Model Setup 'CAM_FLD'
Slack : -1.090
TNS   : -1.090

Type  : Slow 1200mV 85C Model Setup 'inst99|altpll_component|auto_generated|pll1|clk[0]'
Slack : 9.431
TNS   : 0.000

Type  : Slow 1200mV 85C Model Setup 'inst1|ALTLVDS_RX_component|auto_generated|lvds_rx_pll|clk[0]'
Slack : 11.585
TNS   : 0.000

Type  : Slow 1200mV 85C Model Setup 'inst1|ALTLVDS_RX_component|auto_generated|lvds_rx_pll|clk[1]'
Slack : 20.763
TNS   : 0.000

Type  : Slow 1200mV 85C Model Hold 'CAM_FLD'
Slack : -0.011
TNS   : -0.011

Type  : Slow 1200mV 85C Model Hold 'inst1|ALTLVDS_RX_component|auto_generated|lvds_rx_pll|clk[0]'
Slack : 0.499
TNS   : 0.000

Type  : Slow 1200mV 85C Model Hold 'Vsync'
Slack : 0.655
TNS   : 0.000

Type  : Slow 1200mV 85C Model Hold 'inst1|ALTLVDS_RX_component|auto_generated|lvds_rx_pll|clk[1]'
Slack : 3.038
TNS   : 0.000

Type  : Slow 1200mV 85C Model Hold 'inst99|altpll_component|auto_generated|pll1|clk[0]'
Slack : 13.884
TNS   : 0.000

Type  : Slow 1200mV 85C Model Minimum Pulse Width 'Vsync'
Slack : -3.000
TNS   : -7.545

Type  : Slow 1200mV 85C Model Minimum Pulse Width 'CAM_FLD'
Slack : -3.000
TNS   : -3.000

Type  : Slow 1200mV 85C Model Minimum Pulse Width 'CAM_CLKA'
Slack : 6.195
TNS   : 0.000

Type  : Slow 1200mV 85C Model Minimum Pulse Width 'inst99|altpll_component|auto_generated|pll1|clk[0]'
Slack : 12.187
TNS   : 0.000

Type  : Slow 1200mV 85C Model Minimum Pulse Width 'inst1|ALTLVDS_RX_component|auto_generated|lvds_rx_pll|clk[0]'
Slack : 12.189
TNS   : 0.000

Type  : Slow 1200mV 85C Model Minimum Pulse Width 'inst1|ALTLVDS_RX_component|auto_generated|lvds_rx_pll|clk[1]'
Slack : 49.691
TNS   : 0.000

Type  : Slow 1200mV 0C Model Setup 'Vsync'
Slack : -2.175
TNS   : -6.522

Type  : Slow 1200mV 0C Model Setup 'CAM_FLD'
Slack : -1.131
TNS   : -1.131

Type  : Slow 1200mV 0C Model Setup 'inst99|altpll_component|auto_generated|pll1|clk[0]'
Slack : 8.962
TNS   : 0.000

Type  : Slow 1200mV 0C Model Setup 'inst1|ALTLVDS_RX_component|auto_generated|lvds_rx_pll|clk[0]'
Slack : 11.686
TNS   : 0.000

Type  : Slow 1200mV 0C Model Setup 'inst1|ALTLVDS_RX_component|auto_generated|lvds_rx_pll|clk[1]'
Slack : 20.976
TNS   : 0.000

Type  : Slow 1200mV 0C Model Hold 'CAM_FLD'
Slack : -0.009
TNS   : -0.009

Type  : Slow 1200mV 0C Model Hold 'inst1|ALTLVDS_RX_component|auto_generated|lvds_rx_pll|clk[0]'
Slack : 0.467
TNS   : 0.000

Type  : Slow 1200mV 0C Model Hold 'Vsync'
Slack : 0.518
TNS   : 0.000

Type  : Slow 1200mV 0C Model Hold 'inst1|ALTLVDS_RX_component|auto_generated|lvds_rx_pll|clk[1]'
Slack : 2.799
TNS   : 0.000

Type  : Slow 1200mV 0C Model Hold 'inst99|altpll_component|auto_generated|pll1|clk[0]'
Slack : 14.515
TNS   : 0.000

Type  : Slow 1200mV 0C Model Minimum Pulse Width 'Vsync'
Slack : -3.000
TNS   : -7.707

Type  : Slow 1200mV 0C Model Minimum Pulse Width 'CAM_FLD'
Slack : -3.000
TNS   : -3.000

Type  : Slow 1200mV 0C Model Minimum Pulse Width 'CAM_CLKA'
Slack : 6.162
TNS   : 0.000

Type  : Slow 1200mV 0C Model Minimum Pulse Width 'inst99|altpll_component|auto_generated|pll1|clk[0]'
Slack : 12.194
TNS   : 0.000

Type  : Slow 1200mV 0C Model Minimum Pulse Width 'inst1|ALTLVDS_RX_component|auto_generated|lvds_rx_pll|clk[0]'
Slack : 12.197
TNS   : 0.000

Type  : Slow 1200mV 0C Model Minimum Pulse Width 'inst1|ALTLVDS_RX_component|auto_generated|lvds_rx_pll|clk[1]'
Slack : 49.696
TNS   : 0.000

Type  : Fast 1200mV 0C Model Setup 'Vsync'
Slack : -0.438
TNS   : -1.313

Type  : Fast 1200mV 0C Model Setup 'CAM_FLD'
Slack : -0.401
TNS   : -0.401

Type  : Fast 1200mV 0C Model Setup 'inst99|altpll_component|auto_generated|pll1|clk[0]'
Slack : 7.862
TNS   : 0.000

Type  : Fast 1200mV 0C Model Setup 'inst1|ALTLVDS_RX_component|auto_generated|lvds_rx_pll|clk[0]'
Slack : 12.056
TNS   : 0.000

Type  : Fast 1200mV 0C Model Setup 'inst1|ALTLVDS_RX_component|auto_generated|lvds_rx_pll|clk[1]'
Slack : 23.001
TNS   : 0.000

Type  : Fast 1200mV 0C Model Hold 'CAM_FLD'
Slack : -0.188
TNS   : -0.188

Type  : Fast 1200mV 0C Model Hold 'inst1|ALTLVDS_RX_component|auto_generated|lvds_rx_pll|clk[0]'
Slack : 0.192
TNS   : 0.000

Type  : Fast 1200mV 0C Model Hold 'Vsync'
Slack : 0.323
TNS   : 0.000

Type  : Fast 1200mV 0C Model Hold 'inst1|ALTLVDS_RX_component|auto_generated|lvds_rx_pll|clk[1]'
Slack : 1.321
TNS   : 0.000

Type  : Fast 1200mV 0C Model Hold 'inst99|altpll_component|auto_generated|pll1|clk[0]'
Slack : 16.206
TNS   : 0.000

Type  : Fast 1200mV 0C Model Minimum Pulse Width 'Vsync'
Slack : -3.000
TNS   : -6.000

Type  : Fast 1200mV 0C Model Minimum Pulse Width 'CAM_FLD'
Slack : -3.000
TNS   : -3.000

Type  : Fast 1200mV 0C Model Minimum Pulse Width 'CAM_CLKA'
Slack : 5.839
TNS   : 0.000

Type  : Fast 1200mV 0C Model Minimum Pulse Width 'inst1|ALTLVDS_RX_component|auto_generated|lvds_rx_pll|clk[0]'
Slack : 12.273
TNS   : 0.000

Type  : Fast 1200mV 0C Model Minimum Pulse Width 'inst99|altpll_component|auto_generated|pll1|clk[0]'
Slack : 12.280
TNS   : 0.000

Type  : Fast 1200mV 0C Model Minimum Pulse Width 'inst1|ALTLVDS_RX_component|auto_generated|lvds_rx_pll|clk[1]'
Slack : 49.782
TNS   : 0.000

------------------------------------------------------------
